True
6 5 6 4 8 5 8 5 3 2 9 4 2 6 2 1 5 7 3 3 2 9 3 4 1 9 9 1 7 4 
