True
8 3 5 3 5 2 1 5 8 4 5 1 9 1 4 3 2 1 9 5 2 4 4 5 1 2 3 1 
